ERROR - 2026-06-04 04:02:26 --> MySQL server has gone away
in SYSTEMPATH\Database\MySQLi\Connection.php on line 300.
 1 SYSTEMPATH\Database\MySQLi\Connection.php(300): mysqli->query('CREATE TABLE `staff_services` (
	`staff_id` BIGINT(20) UNSIGNED NOT NULL,
	`service_id` INT(11) UNSIGNED NOT NULL,
	CONSTRAINT `pk_staff_services` PRIMARY KEY(`staff_id`, `service_id`),
	CONSTRAINT `staff_services_staff_id_foreign` FOREIGN KEY (`staff_id`) REFERENCES `staff_profiles`(`user_id`) ON DELETE CASCADE ON UPDATE CASCADE,
	CONSTRAINT `staff_services_service_id_foreign` FOREIGN KEY (`service_id`) REFERENCES `services`(`id`) ON DELETE CASCADE ON UPDATE CASCADE
) DEFAULT CHARACTER SET = utf8mb4 COLLATE = utf8mb4_general_ci', 0)
 2 SYSTEMPATH\Database\BaseConnection.php(908): CodeIgniter\Database\MySQLi\Connection->execute('CREATE TABLE `staff_services` (
	`staff_id` BIGINT(20) UNSIGNED NOT NULL,
	`service_id` INT(11) UNSIGNED NOT NULL,
	CONSTRAINT `pk_staff_services` PRIMARY KEY(`staff_id`, `service_id`),
	CONSTRAINT `staff_services_staff_id_foreign` FOREIGN KEY (`staff_id`) REFERENCES `staff_profiles`(`user_id`) ON DELETE CASCADE ON UPDATE CASCADE,
	CONSTRAINT `staff_services_service_id_foreign` FOREIGN KEY (`service_id`) REFERENCES `services`(`id`) ON DELETE CASCADE ON UPDATE CASCADE
) DEFAULT CHARACTER SET = utf8mb4 COLLATE = utf8mb4_general_ci')
 3 SYSTEMPATH\Database\BaseConnection.php(825): CodeIgniter\Database\BaseConnection->simpleQuery('CREATE TABLE `staff_services` (
	`staff_id` BIGINT(20) UNSIGNED NOT NULL,
	`service_id` INT(11) UNSIGNED NOT NULL,
	CONSTRAINT `pk_staff_services` PRIMARY KEY(`staff_id`, `service_id`),
	CONSTRAINT `staff_services_staff_id_foreign` FOREIGN KEY (`staff_id`) REFERENCES `staff_profiles`(`user_id`) ON DELETE CASCADE ON UPDATE CASCADE,
	CONSTRAINT `staff_services_service_id_foreign` FOREIGN KEY (`service_id`) REFERENCES `services`(`id`) ON DELETE CASCADE ON UPDATE CASCADE
) DEFAULT CHARACTER SET = utf8mb4 COLLATE = utf8mb4_general_ci')
 4 SYSTEMPATH\Database\Forge.php(570): CodeIgniter\Database\BaseConnection->query('CREATE TABLE `staff_services` (
	`staff_id` BIGINT(20) UNSIGNED NOT NULL,
	`service_id` INT(11) UNSIGNED NOT NULL,
	CONSTRAINT `pk_staff_services` PRIMARY KEY(`staff_id`, `service_id`),
	CONSTRAINT `staff_services_staff_id_foreign` FOREIGN KEY (`staff_id`) REFERENCES `staff_profiles`(`user_id`) ON DELETE CASCADE ON UPDATE CASCADE,
	CONSTRAINT `staff_services_service_id_foreign` FOREIGN KEY (`service_id`) REFERENCES `services`(`id`) ON DELETE CASCADE ON UPDATE CASCADE
) DEFAULT CHARACTER SET = utf8mb4 COLLATE = utf8mb4_general_ci')
 5 APPPATH\Database\Migrations\2026-06-04-000009_CreateStaffServicesTable.php(26): CodeIgniter\Database\Forge->createTable('staff_services')
 6 SYSTEMPATH\Database\MigrationRunner.php(1014): App\Database\Migrations\CreateStaffServicesTable->up()
 7 SYSTEMPATH\Database\MigrationRunner.php(202): CodeIgniter\Database\MigrationRunner->migrate('up', Object(stdClass))
 8 SYSTEMPATH\Commands\Database\Migrate.php(89): CodeIgniter\Database\MigrationRunner->latest(null)
 9 SYSTEMPATH\CLI\SignalTrait.php(245): CodeIgniter\Commands\Database\Migrate::CodeIgniter\Commands\Database\{closure}()
10 SYSTEMPATH\Commands\Database\Migrate.php(88): CodeIgniter\Commands\Database\Migrate->withSignalsBlocked(Object(Closure))
11 SYSTEMPATH\CLI\Commands.php(72): CodeIgniter\Commands\Database\Migrate->run([])
12 SYSTEMPATH\CLI\Console.php(47): CodeIgniter\CLI\Commands->run('migrate', [])
13 SYSTEMPATH\Boot.php(442): CodeIgniter\CLI\Console->run()
14 SYSTEMPATH\Boot.php(166): CodeIgniter\Boot::runCommand(Object(CodeIgniter\CLI\Console))
15 ROOTPATH\spark(87): CodeIgniter\Boot::bootSpark(Object(Config\Paths))
ERROR - 2026-06-04 04:03:49 --> Error connecting to the database: mysqli_sql_exception: No connection could be made because the target machine actively refused it in E:\OJT\brox\appointment-system\system\Database\MySQLi\Connection.php:201
Stack trace:
#0 E:\OJT\brox\appointment-system\system\Database\MySQLi\Connection.php(201): mysqli->real_connect('localhost', 'root', Object(SensitiveParameterValue), 'appointment_db', 3306, '', 0)
#1 E:\OJT\brox\appointment-system\system\Database\BaseConnection.php(555): CodeIgniter\Database\MySQLi\Connection->connect(false)
#2 E:\OJT\brox\appointment-system\system\Database\BaseConnection.php(795): CodeIgniter\Database\BaseConnection->initialize()
#3 E:\OJT\brox\appointment-system\system\Database\BaseConnection.php(1706): CodeIgniter\Database\BaseConnection->query('SHOW TABLES FRO...')
#4 E:\OJT\brox\appointment-system\system\Database\BaseConnection.php(1726): CodeIgniter\Database\BaseConnection->listTables()
#5 E:\OJT\brox\appointment-system\system\Database\MigrationRunner.php(821): CodeIgniter\Database\BaseConnection->tableExists('migrations')
#6 E:\OJT\brox\appointment-system\system\Database\MigrationRunner.php(699): CodeIgniter\Database\MigrationRunner->ensureTable()
#7 E:\OJT\brox\appointment-system\system\Commands\Database\MigrateStatus.php(115): CodeIgniter\Database\MigrationRunner->getHistory('')
#8 E:\OJT\brox\appointment-system\system\CLI\Commands.php(72): CodeIgniter\Commands\Database\MigrateStatus->run(Array)
#9 E:\OJT\brox\appointment-system\system\CLI\Console.php(47): CodeIgniter\CLI\Commands->run('migrate:status', Array)
#10 E:\OJT\brox\appointment-system\system\Boot.php(442): CodeIgniter\CLI\Console->run()
#11 E:\OJT\brox\appointment-system\system\Boot.php(166): CodeIgniter\Boot::runCommand(Object(CodeIgniter\CLI\Console))
#12 E:\OJT\brox\appointment-system\spark(87): CodeIgniter\Boot::bootSpark(Object(Config\Paths))
#13 {main}

Next CodeIgniter\Database\Exceptions\DatabaseException: No connection could be made because the target machine actively refused it in E:\OJT\brox\appointment-system\system\Database\MySQLi\Connection.php:231
Stack trace:
#0 E:\OJT\brox\appointment-system\system\Database\BaseConnection.php(555): CodeIgniter\Database\MySQLi\Connection->connect(false)
#1 E:\OJT\brox\appointment-system\system\Database\BaseConnection.php(795): CodeIgniter\Database\BaseConnection->initialize()
#2 E:\OJT\brox\appointment-system\system\Database\BaseConnection.php(1706): CodeIgniter\Database\BaseConnection->query('SHOW TABLES FRO...')
#3 E:\OJT\brox\appointment-system\system\Database\BaseConnection.php(1726): CodeIgniter\Database\BaseConnection->listTables()
#4 E:\OJT\brox\appointment-system\system\Database\MigrationRunner.php(821): CodeIgniter\Database\BaseConnection->tableExists('migrations')
#5 E:\OJT\brox\appointment-system\system\Database\MigrationRunner.php(699): CodeIgniter\Database\MigrationRunner->ensureTable()
#6 E:\OJT\brox\appointment-system\system\Commands\Database\MigrateStatus.php(115): CodeIgniter\Database\MigrationRunner->getHistory('')
#7 E:\OJT\brox\appointment-system\system\CLI\Commands.php(72): CodeIgniter\Commands\Database\MigrateStatus->run(Array)
#8 E:\OJT\brox\appointment-system\system\CLI\Console.php(47): CodeIgniter\CLI\Commands->run('migrate:status', Array)
#9 E:\OJT\brox\appointment-system\system\Boot.php(442): CodeIgniter\CLI\Console->run()
#10 E:\OJT\brox\appointment-system\system\Boot.php(166): CodeIgniter\Boot::runCommand(Object(CodeIgniter\CLI\Console))
#11 E:\OJT\brox\appointment-system\spark(87): CodeIgniter\Boot::bootSpark(Object(Config\Paths))
#12 {main}
CRITICAL - 2026-06-04 04:03:49 --> CodeIgniter\Database\Exceptions\DatabaseException: Unable to connect to the database.
Main connection [MySQLi]: No connection could be made because the target machine actively refused it
[Method: CLI, Route: migrate:status]
in SYSTEMPATH\Database\BaseConnection.php on line 606.
 1 SYSTEMPATH\Database\BaseConnection.php(795): CodeIgniter\Database\BaseConnection->initialize()
 2 SYSTEMPATH\Database\BaseConnection.php(1706): CodeIgniter\Database\BaseConnection->query('SHOW TABLES FROM `appointment_db`')
 3 SYSTEMPATH\Database\BaseConnection.php(1726): CodeIgniter\Database\BaseConnection->listTables()
 4 SYSTEMPATH\Database\MigrationRunner.php(821): CodeIgniter\Database\BaseConnection->tableExists('migrations')
 5 SYSTEMPATH\Database\MigrationRunner.php(699): CodeIgniter\Database\MigrationRunner->ensureTable()
 6 SYSTEMPATH\Commands\Database\MigrateStatus.php(115): CodeIgniter\Database\MigrationRunner->getHistory('')
 7 SYSTEMPATH\CLI\Commands.php(72): CodeIgniter\Commands\Database\MigrateStatus->run([])
 8 SYSTEMPATH\CLI\Console.php(47): CodeIgniter\CLI\Commands->run('migrate:status', [])
 9 SYSTEMPATH\Boot.php(442): CodeIgniter\CLI\Console->run()
10 SYSTEMPATH\Boot.php(166): CodeIgniter\Boot::runCommand(Object(CodeIgniter\CLI\Console))
11 ROOTPATH\spark(87): CodeIgniter\Boot::bootSpark(Object(Config\Paths))
ERROR - 2026-06-04 04:05:06 --> Error connecting to the database: mysqli_sql_exception: No connection could be made because the target machine actively refused it in E:\OJT\brox\appointment-system\system\Database\MySQLi\Connection.php:201
Stack trace:
#0 E:\OJT\brox\appointment-system\system\Database\MySQLi\Connection.php(201): mysqli->real_connect('localhost', 'root', Object(SensitiveParameterValue), 'appointment_db', 3306, '', 0)
#1 E:\OJT\brox\appointment-system\system\Database\BaseConnection.php(555): CodeIgniter\Database\MySQLi\Connection->connect(false)
#2 E:\OJT\brox\appointment-system\system\Database\BaseConnection.php(795): CodeIgniter\Database\BaseConnection->initialize()
#3 E:\OJT\brox\appointment-system\system\Database\BaseConnection.php(1706): CodeIgniter\Database\BaseConnection->query('SHOW TABLES FRO...')
#4 E:\OJT\brox\appointment-system\system\Database\BaseConnection.php(1726): CodeIgniter\Database\BaseConnection->listTables()
#5 E:\OJT\brox\appointment-system\system\Database\MigrationRunner.php(821): CodeIgniter\Database\BaseConnection->tableExists('migrations')
#6 E:\OJT\brox\appointment-system\system\Database\MigrationRunner.php(173): CodeIgniter\Database\MigrationRunner->ensureTable()
#7 E:\OJT\brox\appointment-system\system\Commands\Database\Migrate.php(89): CodeIgniter\Database\MigrationRunner->latest(NULL)
#8 E:\OJT\brox\appointment-system\system\CLI\SignalTrait.php(245): CodeIgniter\Commands\Database\Migrate::CodeIgniter\Commands\Database\{closure}()
#9 E:\OJT\brox\appointment-system\system\Commands\Database\Migrate.php(88): CodeIgniter\Commands\Database\Migrate->withSignalsBlocked(Object(Closure))
#10 E:\OJT\brox\appointment-system\system\CLI\Commands.php(72): CodeIgniter\Commands\Database\Migrate->run(Array)
#11 E:\OJT\brox\appointment-system\system\CLI\Console.php(47): CodeIgniter\CLI\Commands->run('migrate', Array)
#12 E:\OJT\brox\appointment-system\system\Boot.php(442): CodeIgniter\CLI\Console->run()
#13 E:\OJT\brox\appointment-system\system\Boot.php(166): CodeIgniter\Boot::runCommand(Object(CodeIgniter\CLI\Console))
#14 E:\OJT\brox\appointment-system\spark(87): CodeIgniter\Boot::bootSpark(Object(Config\Paths))
#15 {main}

Next CodeIgniter\Database\Exceptions\DatabaseException: No connection could be made because the target machine actively refused it in E:\OJT\brox\appointment-system\system\Database\MySQLi\Connection.php:231
Stack trace:
#0 E:\OJT\brox\appointment-system\system\Database\BaseConnection.php(555): CodeIgniter\Database\MySQLi\Connection->connect(false)
#1 E:\OJT\brox\appointment-system\system\Database\BaseConnection.php(795): CodeIgniter\Database\BaseConnection->initialize()
#2 E:\OJT\brox\appointment-system\system\Database\BaseConnection.php(1706): CodeIgniter\Database\BaseConnection->query('SHOW TABLES FRO...')
#3 E:\OJT\brox\appointment-system\system\Database\BaseConnection.php(1726): CodeIgniter\Database\BaseConnection->listTables()
#4 E:\OJT\brox\appointment-system\system\Database\MigrationRunner.php(821): CodeIgniter\Database\BaseConnection->tableExists('migrations')
#5 E:\OJT\brox\appointment-system\system\Database\MigrationRunner.php(173): CodeIgniter\Database\MigrationRunner->ensureTable()
#6 E:\OJT\brox\appointment-system\system\Commands\Database\Migrate.php(89): CodeIgniter\Database\MigrationRunner->latest(NULL)
#7 E:\OJT\brox\appointment-system\system\CLI\SignalTrait.php(245): CodeIgniter\Commands\Database\Migrate::CodeIgniter\Commands\Database\{closure}()
#8 E:\OJT\brox\appointment-system\system\Commands\Database\Migrate.php(88): CodeIgniter\Commands\Database\Migrate->withSignalsBlocked(Object(Closure))
#9 E:\OJT\brox\appointment-system\system\CLI\Commands.php(72): CodeIgniter\Commands\Database\Migrate->run(Array)
#10 E:\OJT\brox\appointment-system\system\CLI\Console.php(47): CodeIgniter\CLI\Commands->run('migrate', Array)
#11 E:\OJT\brox\appointment-system\system\Boot.php(442): CodeIgniter\CLI\Console->run()
#12 E:\OJT\brox\appointment-system\system\Boot.php(166): CodeIgniter\Boot::runCommand(Object(CodeIgniter\CLI\Console))
#13 E:\OJT\brox\appointment-system\spark(87): CodeIgniter\Boot::bootSpark(Object(Config\Paths))
#14 {main}
ERROR - 2026-06-04 05:25:22 --> Table 'staff_services' already exists
in SYSTEMPATH\Database\MySQLi\Connection.php on line 300.
 1 SYSTEMPATH\Database\MySQLi\Connection.php(300): mysqli->query('CREATE TABLE `staff_services` (
	`staff_id` BIGINT(20) UNSIGNED NOT NULL,
	`service_id` INT(11) UNSIGNED NOT NULL,
	CONSTRAINT `pk_staff_services` PRIMARY KEY(`staff_id`, `service_id`),
	CONSTRAINT `staff_services_staff_id_foreign` FOREIGN KEY (`staff_id`) REFERENCES `users`(`id`) ON DELETE CASCADE ON UPDATE CASCADE,
	CONSTRAINT `staff_services_service_id_foreign` FOREIGN KEY (`service_id`) REFERENCES `services`(`id`) ON DELETE CASCADE ON UPDATE CASCADE
) DEFAULT CHARACTER SET = utf8mb4 COLLATE = utf8mb4_general_ci', 0)
 2 SYSTEMPATH\Database\BaseConnection.php(908): CodeIgniter\Database\MySQLi\Connection->execute('CREATE TABLE `staff_services` (
	`staff_id` BIGINT(20) UNSIGNED NOT NULL,
	`service_id` INT(11) UNSIGNED NOT NULL,
	CONSTRAINT `pk_staff_services` PRIMARY KEY(`staff_id`, `service_id`),
	CONSTRAINT `staff_services_staff_id_foreign` FOREIGN KEY (`staff_id`) REFERENCES `users`(`id`) ON DELETE CASCADE ON UPDATE CASCADE,
	CONSTRAINT `staff_services_service_id_foreign` FOREIGN KEY (`service_id`) REFERENCES `services`(`id`) ON DELETE CASCADE ON UPDATE CASCADE
) DEFAULT CHARACTER SET = utf8mb4 COLLATE = utf8mb4_general_ci')
 3 SYSTEMPATH\Database\BaseConnection.php(825): CodeIgniter\Database\BaseConnection->simpleQuery('CREATE TABLE `staff_services` (
	`staff_id` BIGINT(20) UNSIGNED NOT NULL,
	`service_id` INT(11) UNSIGNED NOT NULL,
	CONSTRAINT `pk_staff_services` PRIMARY KEY(`staff_id`, `service_id`),
	CONSTRAINT `staff_services_staff_id_foreign` FOREIGN KEY (`staff_id`) REFERENCES `users`(`id`) ON DELETE CASCADE ON UPDATE CASCADE,
	CONSTRAINT `staff_services_service_id_foreign` FOREIGN KEY (`service_id`) REFERENCES `services`(`id`) ON DELETE CASCADE ON UPDATE CASCADE
) DEFAULT CHARACTER SET = utf8mb4 COLLATE = utf8mb4_general_ci')
 4 SYSTEMPATH\Database\Forge.php(570): CodeIgniter\Database\BaseConnection->query('CREATE TABLE `staff_services` (
	`staff_id` BIGINT(20) UNSIGNED NOT NULL,
	`service_id` INT(11) UNSIGNED NOT NULL,
	CONSTRAINT `pk_staff_services` PRIMARY KEY(`staff_id`, `service_id`),
	CONSTRAINT `staff_services_staff_id_foreign` FOREIGN KEY (`staff_id`) REFERENCES `users`(`id`) ON DELETE CASCADE ON UPDATE CASCADE,
	CONSTRAINT `staff_services_service_id_foreign` FOREIGN KEY (`service_id`) REFERENCES `services`(`id`) ON DELETE CASCADE ON UPDATE CASCADE
) DEFAULT CHARACTER SET = utf8mb4 COLLATE = utf8mb4_general_ci')
 5 APPPATH\Database\Migrations\2026-06-04-000009_CreateStaffServicesTable.php(26): CodeIgniter\Database\Forge->createTable('staff_services')
 6 SYSTEMPATH\Database\MigrationRunner.php(1014): App\Database\Migrations\CreateStaffServicesTable->up()
 7 SYSTEMPATH\Database\MigrationRunner.php(202): CodeIgniter\Database\MigrationRunner->migrate('up', Object(stdClass))
 8 SYSTEMPATH\Commands\Database\Migrate.php(89): CodeIgniter\Database\MigrationRunner->latest(null)
 9 SYSTEMPATH\CLI\SignalTrait.php(245): CodeIgniter\Commands\Database\Migrate::CodeIgniter\Commands\Database\{closure}()
10 SYSTEMPATH\Commands\Database\Migrate.php(88): CodeIgniter\Commands\Database\Migrate->withSignalsBlocked(Object(Closure))
11 SYSTEMPATH\CLI\Commands.php(72): CodeIgniter\Commands\Database\Migrate->run([])
12 SYSTEMPATH\CLI\Console.php(47): CodeIgniter\CLI\Commands->run('migrate', [])
13 SYSTEMPATH\Boot.php(442): CodeIgniter\CLI\Console->run()
14 SYSTEMPATH\Boot.php(166): CodeIgniter\Boot::runCommand(Object(CodeIgniter\CLI\Console))
15 ROOTPATH\spark(87): CodeIgniter\Boot::bootSpark(Object(Config\Paths))
ERROR - 2026-06-04 06:03:48 --> Duplicate entry 'Administrator' for key 'name'
in SYSTEMPATH\Database\MySQLi\Connection.php on line 300.
 1 SYSTEMPATH\Database\MySQLi\Connection.php(300): mysqli->query('INSERT INTO `roles` (`description`, `name`)
VALUES (\'System administrator with full access\',\'Administrator\'), (\'Service provider\',\'Staff\'), (\'Customer who books appointments\',\'Client\')', 0)
 2 SYSTEMPATH\Database\BaseConnection.php(908): CodeIgniter\Database\MySQLi\Connection->execute('INSERT INTO `roles` (`description`, `name`)
VALUES (\'System administrator with full access\',\'Administrator\'), (\'Service provider\',\'Staff\'), (\'Customer who books appointments\',\'Client\')')
 3 SYSTEMPATH\Database\BaseConnection.php(825): CodeIgniter\Database\BaseConnection->simpleQuery('INSERT INTO `roles` (`description`, `name`)
VALUES (\'System administrator with full access\',\'Administrator\'), (\'Service provider\',\'Staff\'), (\'Customer who books appointments\',\'Client\')')
 4 SYSTEMPATH\Database\BaseBuilder.php(1839): CodeIgniter\Database\BaseConnection->query('INSERT INTO `roles` (`description`, `name`)
VALUES (\'System administrator with full access\',\'Administrator\'), (\'Service provider\',\'Staff\'), (\'Customer who books appointments\',\'Client\')', null, false)
 5 SYSTEMPATH\Database\BaseBuilder.php(2228): CodeIgniter\Database\BaseBuilder->batchExecute('_insertBatch', 100)
 6 APPPATH\Database\Seeds\UserSeeder.php(20): CodeIgniter\Database\BaseBuilder->insertBatch([...])
 7 SYSTEMPATH\Database\Seeder.php(155): App\Database\Seeds\UserSeeder->run()
 8 APPPATH\Database\Seeds\MainSeeder.php(11): CodeIgniter\Database\Seeder->call('App\\Database\\Seeds\\UserSeeder')
 9 SYSTEMPATH\Database\Seeder.php(155): App\Database\Seeds\MainSeeder->run()
10 SYSTEMPATH\Commands\Database\Seed.php(79): CodeIgniter\Database\Seeder->call('App\\Database\\Seeds\\MainSeeder')
11 SYSTEMPATH\CLI\Commands.php(72): CodeIgniter\Commands\Database\Seed->run([])
12 SYSTEMPATH\CLI\Console.php(47): CodeIgniter\CLI\Commands->run('db:seed', [...])
13 SYSTEMPATH\Boot.php(442): CodeIgniter\CLI\Console->run()
14 SYSTEMPATH\Boot.php(166): CodeIgniter\Boot::runCommand(Object(CodeIgniter\CLI\Console))
15 ROOTPATH\spark(87): CodeIgniter\Boot::bootSpark(Object(Config\Paths))
ERROR - 2026-06-04 06:04:12 --> Table 'staff_services' already exists
in SYSTEMPATH\Database\MySQLi\Connection.php on line 300.
 1 SYSTEMPATH\Database\MySQLi\Connection.php(300): mysqli->query('CREATE TABLE `staff_services` (
	`staff_id` BIGINT(20) UNSIGNED NOT NULL,
	`service_id` INT(11) UNSIGNED NOT NULL,
	CONSTRAINT `pk_staff_services` PRIMARY KEY(`staff_id`, `service_id`),
	CONSTRAINT `staff_services_staff_id_foreign` FOREIGN KEY (`staff_id`) REFERENCES `users`(`id`) ON DELETE CASCADE ON UPDATE CASCADE,
	CONSTRAINT `staff_services_service_id_foreign` FOREIGN KEY (`service_id`) REFERENCES `services`(`id`) ON DELETE CASCADE ON UPDATE CASCADE
) DEFAULT CHARACTER SET = utf8mb4 COLLATE = utf8mb4_general_ci', 0)
 2 SYSTEMPATH\Database\BaseConnection.php(908): CodeIgniter\Database\MySQLi\Connection->execute('CREATE TABLE `staff_services` (
	`staff_id` BIGINT(20) UNSIGNED NOT NULL,
	`service_id` INT(11) UNSIGNED NOT NULL,
	CONSTRAINT `pk_staff_services` PRIMARY KEY(`staff_id`, `service_id`),
	CONSTRAINT `staff_services_staff_id_foreign` FOREIGN KEY (`staff_id`) REFERENCES `users`(`id`) ON DELETE CASCADE ON UPDATE CASCADE,
	CONSTRAINT `staff_services_service_id_foreign` FOREIGN KEY (`service_id`) REFERENCES `services`(`id`) ON DELETE CASCADE ON UPDATE CASCADE
) DEFAULT CHARACTER SET = utf8mb4 COLLATE = utf8mb4_general_ci')
 3 SYSTEMPATH\Database\BaseConnection.php(825): CodeIgniter\Database\BaseConnection->simpleQuery('CREATE TABLE `staff_services` (
	`staff_id` BIGINT(20) UNSIGNED NOT NULL,
	`service_id` INT(11) UNSIGNED NOT NULL,
	CONSTRAINT `pk_staff_services` PRIMARY KEY(`staff_id`, `service_id`),
	CONSTRAINT `staff_services_staff_id_foreign` FOREIGN KEY (`staff_id`) REFERENCES `users`(`id`) ON DELETE CASCADE ON UPDATE CASCADE,
	CONSTRAINT `staff_services_service_id_foreign` FOREIGN KEY (`service_id`) REFERENCES `services`(`id`) ON DELETE CASCADE ON UPDATE CASCADE
) DEFAULT CHARACTER SET = utf8mb4 COLLATE = utf8mb4_general_ci')
 4 SYSTEMPATH\Database\Forge.php(570): CodeIgniter\Database\BaseConnection->query('CREATE TABLE `staff_services` (
	`staff_id` BIGINT(20) UNSIGNED NOT NULL,
	`service_id` INT(11) UNSIGNED NOT NULL,
	CONSTRAINT `pk_staff_services` PRIMARY KEY(`staff_id`, `service_id`),
	CONSTRAINT `staff_services_staff_id_foreign` FOREIGN KEY (`staff_id`) REFERENCES `users`(`id`) ON DELETE CASCADE ON UPDATE CASCADE,
	CONSTRAINT `staff_services_service_id_foreign` FOREIGN KEY (`service_id`) REFERENCES `services`(`id`) ON DELETE CASCADE ON UPDATE CASCADE
) DEFAULT CHARACTER SET = utf8mb4 COLLATE = utf8mb4_general_ci')
 5 APPPATH\Database\Migrations\2026-06-04-000009_CreateStaffServicesTable.php(26): CodeIgniter\Database\Forge->createTable('staff_services')
 6 SYSTEMPATH\Database\MigrationRunner.php(1014): App\Database\Migrations\CreateStaffServicesTable->up()
 7 SYSTEMPATH\Database\MigrationRunner.php(202): CodeIgniter\Database\MigrationRunner->migrate('up', Object(stdClass))
 8 SYSTEMPATH\Commands\Database\Migrate.php(89): CodeIgniter\Database\MigrationRunner->latest(null)
 9 SYSTEMPATH\CLI\SignalTrait.php(245): CodeIgniter\Commands\Database\Migrate::CodeIgniter\Commands\Database\{closure}()
10 SYSTEMPATH\Commands\Database\Migrate.php(88): CodeIgniter\Commands\Database\Migrate->withSignalsBlocked(Object(Closure))
11 SYSTEMPATH\CLI\Commands.php(72): CodeIgniter\Commands\Database\Migrate->run([...])
12 SYSTEMPATH\CLI\BaseCommand.php(119): CodeIgniter\CLI\Commands->run('migrate', [...])
13 SYSTEMPATH\Commands\Database\MigrateRefresh.php(91): CodeIgniter\CLI\BaseCommand->call('migrate', [...])
14 SYSTEMPATH\CLI\SignalTrait.php(245): CodeIgniter\Commands\Database\MigrateRefresh->CodeIgniter\Commands\Database\{closure}()
15 SYSTEMPATH\Commands\Database\MigrateRefresh.php(89): CodeIgniter\Commands\Database\MigrateRefresh->withSignalsBlocked(Object(Closure))
16 SYSTEMPATH\CLI\Commands.php(72): CodeIgniter\Commands\Database\MigrateRefresh->run([...])
17 SYSTEMPATH\CLI\Console.php(47): CodeIgniter\CLI\Commands->run('migrate:refresh', [])
18 SYSTEMPATH\Boot.php(442): CodeIgniter\CLI\Console->run()
19 SYSTEMPATH\Boot.php(166): CodeIgniter\Boot::runCommand(Object(CodeIgniter\CLI\Console))
20 ROOTPATH\spark(87): CodeIgniter\Boot::bootSpark(Object(Config\Paths))
ERROR - 2026-06-04 06:04:26 --> Table 'staff_services' already exists
in SYSTEMPATH\Database\MySQLi\Connection.php on line 300.
 1 SYSTEMPATH\Database\MySQLi\Connection.php(300): mysqli->query('CREATE TABLE `staff_services` (
	`staff_id` BIGINT(20) UNSIGNED NOT NULL,
	`service_id` INT(11) UNSIGNED NOT NULL,
	CONSTRAINT `pk_staff_services` PRIMARY KEY(`staff_id`, `service_id`),
	CONSTRAINT `staff_services_staff_id_foreign` FOREIGN KEY (`staff_id`) REFERENCES `users`(`id`) ON DELETE CASCADE ON UPDATE CASCADE,
	CONSTRAINT `staff_services_service_id_foreign` FOREIGN KEY (`service_id`) REFERENCES `services`(`id`) ON DELETE CASCADE ON UPDATE CASCADE
) DEFAULT CHARACTER SET = utf8mb4 COLLATE = utf8mb4_general_ci', 0)
 2 SYSTEMPATH\Database\BaseConnection.php(908): CodeIgniter\Database\MySQLi\Connection->execute('CREATE TABLE `staff_services` (
	`staff_id` BIGINT(20) UNSIGNED NOT NULL,
	`service_id` INT(11) UNSIGNED NOT NULL,
	CONSTRAINT `pk_staff_services` PRIMARY KEY(`staff_id`, `service_id`),
	CONSTRAINT `staff_services_staff_id_foreign` FOREIGN KEY (`staff_id`) REFERENCES `users`(`id`) ON DELETE CASCADE ON UPDATE CASCADE,
	CONSTRAINT `staff_services_service_id_foreign` FOREIGN KEY (`service_id`) REFERENCES `services`(`id`) ON DELETE CASCADE ON UPDATE CASCADE
) DEFAULT CHARACTER SET = utf8mb4 COLLATE = utf8mb4_general_ci')
 3 SYSTEMPATH\Database\BaseConnection.php(825): CodeIgniter\Database\BaseConnection->simpleQuery('CREATE TABLE `staff_services` (
	`staff_id` BIGINT(20) UNSIGNED NOT NULL,
	`service_id` INT(11) UNSIGNED NOT NULL,
	CONSTRAINT `pk_staff_services` PRIMARY KEY(`staff_id`, `service_id`),
	CONSTRAINT `staff_services_staff_id_foreign` FOREIGN KEY (`staff_id`) REFERENCES `users`(`id`) ON DELETE CASCADE ON UPDATE CASCADE,
	CONSTRAINT `staff_services_service_id_foreign` FOREIGN KEY (`service_id`) REFERENCES `services`(`id`) ON DELETE CASCADE ON UPDATE CASCADE
) DEFAULT CHARACTER SET = utf8mb4 COLLATE = utf8mb4_general_ci')
 4 SYSTEMPATH\Database\Forge.php(570): CodeIgniter\Database\BaseConnection->query('CREATE TABLE `staff_services` (
	`staff_id` BIGINT(20) UNSIGNED NOT NULL,
	`service_id` INT(11) UNSIGNED NOT NULL,
	CONSTRAINT `pk_staff_services` PRIMARY KEY(`staff_id`, `service_id`),
	CONSTRAINT `staff_services_staff_id_foreign` FOREIGN KEY (`staff_id`) REFERENCES `users`(`id`) ON DELETE CASCADE ON UPDATE CASCADE,
	CONSTRAINT `staff_services_service_id_foreign` FOREIGN KEY (`service_id`) REFERENCES `services`(`id`) ON DELETE CASCADE ON UPDATE CASCADE
) DEFAULT CHARACTER SET = utf8mb4 COLLATE = utf8mb4_general_ci')
 5 APPPATH\Database\Migrations\2026-06-04-000009_CreateStaffServicesTable.php(26): CodeIgniter\Database\Forge->createTable('staff_services')
 6 SYSTEMPATH\Database\MigrationRunner.php(1014): App\Database\Migrations\CreateStaffServicesTable->up()
 7 SYSTEMPATH\Database\MigrationRunner.php(202): CodeIgniter\Database\MigrationRunner->migrate('up', Object(stdClass))
 8 SYSTEMPATH\Commands\Database\Migrate.php(89): CodeIgniter\Database\MigrationRunner->latest(null)
 9 SYSTEMPATH\CLI\SignalTrait.php(245): CodeIgniter\Commands\Database\Migrate::CodeIgniter\Commands\Database\{closure}()
10 SYSTEMPATH\Commands\Database\Migrate.php(88): CodeIgniter\Commands\Database\Migrate->withSignalsBlocked(Object(Closure))
11 SYSTEMPATH\CLI\Commands.php(72): CodeIgniter\Commands\Database\Migrate->run([...])
12 SYSTEMPATH\CLI\BaseCommand.php(119): CodeIgniter\CLI\Commands->run('migrate', [...])
13 SYSTEMPATH\Commands\Database\MigrateRefresh.php(91): CodeIgniter\CLI\BaseCommand->call('migrate', [...])
14 SYSTEMPATH\CLI\SignalTrait.php(245): CodeIgniter\Commands\Database\MigrateRefresh->CodeIgniter\Commands\Database\{closure}()
15 SYSTEMPATH\Commands\Database\MigrateRefresh.php(89): CodeIgniter\Commands\Database\MigrateRefresh->withSignalsBlocked(Object(Closure))
16 SYSTEMPATH\CLI\Commands.php(72): CodeIgniter\Commands\Database\MigrateRefresh->run([...])
17 SYSTEMPATH\CLI\Console.php(47): CodeIgniter\CLI\Commands->run('migrate:refresh', [])
18 SYSTEMPATH\Boot.php(442): CodeIgniter\CLI\Console->run()
19 SYSTEMPATH\Boot.php(166): CodeIgniter\Boot::runCommand(Object(CodeIgniter\CLI\Console))
20 ROOTPATH\spark(87): CodeIgniter\Boot::bootSpark(Object(Config\Paths))
ERROR - 2026-06-04 06:05:34 --> Table 'staff_services' already exists
in SYSTEMPATH\Database\MySQLi\Connection.php on line 300.
 1 SYSTEMPATH\Database\MySQLi\Connection.php(300): mysqli->query('CREATE TABLE `staff_services` (
	`staff_id` BIGINT(20) UNSIGNED NOT NULL,
	`service_id` INT(11) UNSIGNED NOT NULL,
	CONSTRAINT `pk_staff_services` PRIMARY KEY(`staff_id`, `service_id`),
	CONSTRAINT `staff_services_staff_id_foreign` FOREIGN KEY (`staff_id`) REFERENCES `users`(`id`) ON DELETE CASCADE ON UPDATE CASCADE,
	CONSTRAINT `staff_services_service_id_foreign` FOREIGN KEY (`service_id`) REFERENCES `services`(`id`) ON DELETE CASCADE ON UPDATE CASCADE
) DEFAULT CHARACTER SET = utf8mb4 COLLATE = utf8mb4_general_ci', 0)
 2 SYSTEMPATH\Database\BaseConnection.php(908): CodeIgniter\Database\MySQLi\Connection->execute('CREATE TABLE `staff_services` (
	`staff_id` BIGINT(20) UNSIGNED NOT NULL,
	`service_id` INT(11) UNSIGNED NOT NULL,
	CONSTRAINT `pk_staff_services` PRIMARY KEY(`staff_id`, `service_id`),
	CONSTRAINT `staff_services_staff_id_foreign` FOREIGN KEY (`staff_id`) REFERENCES `users`(`id`) ON DELETE CASCADE ON UPDATE CASCADE,
	CONSTRAINT `staff_services_service_id_foreign` FOREIGN KEY (`service_id`) REFERENCES `services`(`id`) ON DELETE CASCADE ON UPDATE CASCADE
) DEFAULT CHARACTER SET = utf8mb4 COLLATE = utf8mb4_general_ci')
 3 SYSTEMPATH\Database\BaseConnection.php(825): CodeIgniter\Database\BaseConnection->simpleQuery('CREATE TABLE `staff_services` (
	`staff_id` BIGINT(20) UNSIGNED NOT NULL,
	`service_id` INT(11) UNSIGNED NOT NULL,
	CONSTRAINT `pk_staff_services` PRIMARY KEY(`staff_id`, `service_id`),
	CONSTRAINT `staff_services_staff_id_foreign` FOREIGN KEY (`staff_id`) REFERENCES `users`(`id`) ON DELETE CASCADE ON UPDATE CASCADE,
	CONSTRAINT `staff_services_service_id_foreign` FOREIGN KEY (`service_id`) REFERENCES `services`(`id`) ON DELETE CASCADE ON UPDATE CASCADE
) DEFAULT CHARACTER SET = utf8mb4 COLLATE = utf8mb4_general_ci')
 4 SYSTEMPATH\Database\Forge.php(570): CodeIgniter\Database\BaseConnection->query('CREATE TABLE `staff_services` (
	`staff_id` BIGINT(20) UNSIGNED NOT NULL,
	`service_id` INT(11) UNSIGNED NOT NULL,
	CONSTRAINT `pk_staff_services` PRIMARY KEY(`staff_id`, `service_id`),
	CONSTRAINT `staff_services_staff_id_foreign` FOREIGN KEY (`staff_id`) REFERENCES `users`(`id`) ON DELETE CASCADE ON UPDATE CASCADE,
	CONSTRAINT `staff_services_service_id_foreign` FOREIGN KEY (`service_id`) REFERENCES `services`(`id`) ON DELETE CASCADE ON UPDATE CASCADE
) DEFAULT CHARACTER SET = utf8mb4 COLLATE = utf8mb4_general_ci')
 5 APPPATH\Database\Migrations\2026-06-04-000009_CreateStaffServicesTable.php(26): CodeIgniter\Database\Forge->createTable('staff_services')
 6 SYSTEMPATH\Database\MigrationRunner.php(1014): App\Database\Migrations\CreateStaffServicesTable->up()
 7 SYSTEMPATH\Database\MigrationRunner.php(202): CodeIgniter\Database\MigrationRunner->migrate('up', Object(stdClass))
 8 SYSTEMPATH\Commands\Database\Migrate.php(89): CodeIgniter\Database\MigrationRunner->latest(null)
 9 SYSTEMPATH\CLI\SignalTrait.php(245): CodeIgniter\Commands\Database\Migrate::CodeIgniter\Commands\Database\{closure}()
10 SYSTEMPATH\Commands\Database\Migrate.php(88): CodeIgniter\Commands\Database\Migrate->withSignalsBlocked(Object(Closure))
11 SYSTEMPATH\CLI\Commands.php(72): CodeIgniter\Commands\Database\Migrate->run([])
12 SYSTEMPATH\CLI\Console.php(47): CodeIgniter\CLI\Commands->run('migrate', [])
13 SYSTEMPATH\Boot.php(442): CodeIgniter\CLI\Console->run()
14 SYSTEMPATH\Boot.php(166): CodeIgniter\Boot::runCommand(Object(CodeIgniter\CLI\Console))
15 ROOTPATH\spark(87): CodeIgniter\Boot::bootSpark(Object(Config\Paths))
ERROR - 2026-06-04 06:05:38 --> Duplicate entry 'Administrator' for key 'name'
in SYSTEMPATH\Database\MySQLi\Connection.php on line 300.
 1 SYSTEMPATH\Database\MySQLi\Connection.php(300): mysqli->query('INSERT INTO `roles` (`description`, `name`)
VALUES (\'System administrator with full access\',\'Administrator\'), (\'Service provider\',\'Staff\'), (\'Customer who books appointments\',\'Client\')', 0)
 2 SYSTEMPATH\Database\BaseConnection.php(908): CodeIgniter\Database\MySQLi\Connection->execute('INSERT INTO `roles` (`description`, `name`)
VALUES (\'System administrator with full access\',\'Administrator\'), (\'Service provider\',\'Staff\'), (\'Customer who books appointments\',\'Client\')')
 3 SYSTEMPATH\Database\BaseConnection.php(825): CodeIgniter\Database\BaseConnection->simpleQuery('INSERT INTO `roles` (`description`, `name`)
VALUES (\'System administrator with full access\',\'Administrator\'), (\'Service provider\',\'Staff\'), (\'Customer who books appointments\',\'Client\')')
 4 SYSTEMPATH\Database\BaseBuilder.php(1839): CodeIgniter\Database\BaseConnection->query('INSERT INTO `roles` (`description`, `name`)
VALUES (\'System administrator with full access\',\'Administrator\'), (\'Service provider\',\'Staff\'), (\'Customer who books appointments\',\'Client\')', null, false)
 5 SYSTEMPATH\Database\BaseBuilder.php(2228): CodeIgniter\Database\BaseBuilder->batchExecute('_insertBatch', 100)
 6 APPPATH\Database\Seeds\UserSeeder.php(20): CodeIgniter\Database\BaseBuilder->insertBatch([...])
 7 SYSTEMPATH\Database\Seeder.php(155): App\Database\Seeds\UserSeeder->run()
 8 APPPATH\Database\Seeds\MainSeeder.php(11): CodeIgniter\Database\Seeder->call('App\\Database\\Seeds\\UserSeeder')
 9 SYSTEMPATH\Database\Seeder.php(155): App\Database\Seeds\MainSeeder->run()
10 SYSTEMPATH\Commands\Database\Seed.php(79): CodeIgniter\Database\Seeder->call('App\\Database\\Seeds\\MainSeeder')
11 SYSTEMPATH\CLI\Commands.php(72): CodeIgniter\Commands\Database\Seed->run([])
12 SYSTEMPATH\CLI\Console.php(47): CodeIgniter\CLI\Commands->run('db:seed', [...])
13 SYSTEMPATH\Boot.php(442): CodeIgniter\CLI\Console->run()
14 SYSTEMPATH\Boot.php(166): CodeIgniter\Boot::runCommand(Object(CodeIgniter\CLI\Console))
15 ROOTPATH\spark(87): CodeIgniter\Boot::bootSpark(Object(Config\Paths))
DEBUG - 2026-06-04 06:29:22 --> Session: Class initialized using 'CodeIgniter\Session\Handlers\FileHandler' driver.
DEBUG - 2026-06-04 06:29:47 --> Session: Class initialized using 'CodeIgniter\Session\Handlers\FileHandler' driver.
DEBUG - 2026-06-04 06:30:35 --> Session: Class initialized using 'CodeIgniter\Session\Handlers\FileHandler' driver.
ERROR - 2026-06-04 06:32:37 --> Error connecting to the database: mysqli_sql_exception: Unknown database 'appointment_db' in D:\Roxanne\OJT\appointment-system\system\Database\MySQLi\Connection.php:201
Stack trace:
#0 D:\Roxanne\OJT\appointment-system\system\Database\MySQLi\Connection.php(201): mysqli->real_connect('localhost', 'root', Object(SensitiveParameterValue), 'appointment_db', 3306, '', 0)
#1 D:\Roxanne\OJT\appointment-system\system\Database\BaseConnection.php(555): CodeIgniter\Database\MySQLi\Connection->connect(false)
#2 D:\Roxanne\OJT\appointment-system\system\Database\Database.php(74): CodeIgniter\Database\BaseConnection->initialize()
#3 D:\Roxanne\OJT\appointment-system\system\Database\Config.php(111): CodeIgniter\Database\Database->loadForge(Object(CodeIgniter\Database\MySQLi\Connection))
#4 D:\Roxanne\OJT\appointment-system\system\Database\Seeder.php(103): CodeIgniter\Database\Config::forge('default')
#5 D:\Roxanne\OJT\appointment-system\system\Commands\Database\Seed.php(71): CodeIgniter\Database\Seeder->__construct(Object(Config\Database))
#6 D:\Roxanne\OJT\appointment-system\system\CLI\Commands.php(72): CodeIgniter\Commands\Database\Seed->run(Array)
#7 D:\Roxanne\OJT\appointment-system\system\CLI\Console.php(47): CodeIgniter\CLI\Commands->run('db:seed', Array)
#8 D:\Roxanne\OJT\appointment-system\system\Boot.php(442): CodeIgniter\CLI\Console->run()
#9 D:\Roxanne\OJT\appointment-system\system\Boot.php(166): CodeIgniter\Boot::runCommand(Object(CodeIgniter\CLI\Console))
#10 D:\Roxanne\OJT\appointment-system\spark(87): CodeIgniter\Boot::bootSpark(Object(Config\Paths))
#11 {main}

Next CodeIgniter\Database\Exceptions\DatabaseException: Unknown database 'appointment_db' in D:\Roxanne\OJT\appointment-system\system\Database\MySQLi\Connection.php:231
Stack trace:
#0 D:\Roxanne\OJT\appointment-system\system\Database\BaseConnection.php(555): CodeIgniter\Database\MySQLi\Connection->connect(false)
#1 D:\Roxanne\OJT\appointment-system\system\Database\Database.php(74): CodeIgniter\Database\BaseConnection->initialize()
#2 D:\Roxanne\OJT\appointment-system\system\Database\Config.php(111): CodeIgniter\Database\Database->loadForge(Object(CodeIgniter\Database\MySQLi\Connection))
#3 D:\Roxanne\OJT\appointment-system\system\Database\Seeder.php(103): CodeIgniter\Database\Config::forge('default')
#4 D:\Roxanne\OJT\appointment-system\system\Commands\Database\Seed.php(71): CodeIgniter\Database\Seeder->__construct(Object(Config\Database))
#5 D:\Roxanne\OJT\appointment-system\system\CLI\Commands.php(72): CodeIgniter\Commands\Database\Seed->run(Array)
#6 D:\Roxanne\OJT\appointment-system\system\CLI\Console.php(47): CodeIgniter\CLI\Commands->run('db:seed', Array)
#7 D:\Roxanne\OJT\appointment-system\system\Boot.php(442): CodeIgniter\CLI\Console->run()
#8 D:\Roxanne\OJT\appointment-system\system\Boot.php(166): CodeIgniter\Boot::runCommand(Object(CodeIgniter\CLI\Console))
#9 D:\Roxanne\OJT\appointment-system\spark(87): CodeIgniter\Boot::bootSpark(Object(Config\Paths))
#10 {main}
CRITICAL - 2026-06-04 06:32:37 --> CodeIgniter\Database\Exceptions\DatabaseException: Unable to connect to the database.
Main connection [MySQLi]: Unknown database 'appointment_db'
[Method: CLI, Route: db:seed/MainSeeder]
in SYSTEMPATH\Database\BaseConnection.php on line 606.
 1 SYSTEMPATH\Database\Database.php(74): CodeIgniter\Database\BaseConnection->initialize()
 2 SYSTEMPATH\Database\Config.php(111): CodeIgniter\Database\Database->loadForge(Object(CodeIgniter\Database\MySQLi\Connection))
 3 SYSTEMPATH\Database\Seeder.php(103): CodeIgniter\Database\Config::forge('default')
 4 SYSTEMPATH\Commands\Database\Seed.php(71): CodeIgniter\Database\Seeder->__construct(Object(Config\Database))
 5 SYSTEMPATH\CLI\Commands.php(72): CodeIgniter\Commands\Database\Seed->run([...])
 6 SYSTEMPATH\CLI\Console.php(47): CodeIgniter\CLI\Commands->run('db:seed', [...])
 7 SYSTEMPATH\Boot.php(442): CodeIgniter\CLI\Console->run()
 8 SYSTEMPATH\Boot.php(166): CodeIgniter\Boot::runCommand(Object(CodeIgniter\CLI\Console))
 9 ROOTPATH\spark(87): CodeIgniter\Boot::bootSpark(Object(Config\Paths))
DEBUG - 2026-06-04 06:54:26 --> Session: Class initialized using 'CodeIgniter\Session\Handlers\FileHandler' driver.
DEBUG - 2026-06-04 06:55:19 --> Session: Class initialized using 'CodeIgniter\Session\Handlers\FileHandler' driver.
DEBUG - 2026-06-04 06:55:21 --> Session: Class initialized using 'CodeIgniter\Session\Handlers\FileHandler' driver.
DEBUG - 2026-06-04 06:56:48 --> Session: Class initialized using 'CodeIgniter\Session\Handlers\FileHandler' driver.
DEBUG - 2026-06-04 06:56:49 --> Session: Class initialized using 'CodeIgniter\Session\Handlers\FileHandler' driver.
DEBUG - 2026-06-04 06:57:00 --> Session: Class initialized using 'CodeIgniter\Session\Handlers\FileHandler' driver.
DEBUG - 2026-06-04 06:57:01 --> Session: Class initialized using 'CodeIgniter\Session\Handlers\FileHandler' driver.
DEBUG - 2026-06-04 06:59:46 --> Session: Class initialized using 'CodeIgniter\Session\Handlers\FileHandler' driver.
DEBUG - 2026-06-04 07:00:54 --> Session: Class initialized using 'CodeIgniter\Session\Handlers\FileHandler' driver.
DEBUG - 2026-06-04 07:01:10 --> Session: Class initialized using 'CodeIgniter\Session\Handlers\FileHandler' driver.
DEBUG - 2026-06-04 07:01:23 --> Session: Class initialized using 'CodeIgniter\Session\Handlers\FileHandler' driver.
DEBUG - 2026-06-04 07:01:28 --> Session: Class initialized using 'CodeIgniter\Session\Handlers\FileHandler' driver.
DEBUG - 2026-06-04 07:01:30 --> Session: Class initialized using 'CodeIgniter\Session\Handlers\FileHandler' driver.
DEBUG - 2026-06-04 07:01:32 --> Session: Class initialized using 'CodeIgniter\Session\Handlers\FileHandler' driver.
DEBUG - 2026-06-04 07:01:40 --> Session: Class initialized using 'CodeIgniter\Session\Handlers\FileHandler' driver.
DEBUG - 2026-06-04 07:01:41 --> Session: Class initialized using 'CodeIgniter\Session\Handlers\FileHandler' driver.
DEBUG - 2026-06-04 07:02:23 --> Session: Class initialized using 'CodeIgniter\Session\Handlers\FileHandler' driver.
DEBUG - 2026-06-04 07:02:26 --> Session: Class initialized using 'CodeIgniter\Session\Handlers\FileHandler' driver.
DEBUG - 2026-06-04 07:02:27 --> Session: Class initialized using 'CodeIgniter\Session\Handlers\FileHandler' driver.
DEBUG - 2026-06-04 07:02:29 --> Session: Class initialized using 'CodeIgniter\Session\Handlers\FileHandler' driver.
DEBUG - 2026-06-04 07:02:32 --> Session: Class initialized using 'CodeIgniter\Session\Handlers\FileHandler' driver.
ERROR - 2026-06-04 07:03:36 --> no such table: db_roles
in SYSTEMPATH\Database\SQLite3\Connection.php on line 163.
 1 SYSTEMPATH\Database\SQLite3\Connection.php(163): SQLite3->exec('INSERT INTO `db_roles` (`description`, `name`)
VALUES (\'System administrator with full access\',\'Administrator\'), (\'Service provider\',\'Staff\'), (\'Customer who books appointments\',\'Client\')')
 2 SYSTEMPATH\Database\BaseConnection.php(908): CodeIgniter\Database\SQLite3\Connection->execute('INSERT INTO `db_roles` (`description`, `name`)
VALUES (\'System administrator with full access\',\'Administrator\'), (\'Service provider\',\'Staff\'), (\'Customer who books appointments\',\'Client\')')
 3 SYSTEMPATH\Database\BaseConnection.php(825): CodeIgniter\Database\BaseConnection->simpleQuery('INSERT INTO `db_roles` (`description`, `name`)
VALUES (\'System administrator with full access\',\'Administrator\'), (\'Service provider\',\'Staff\'), (\'Customer who books appointments\',\'Client\')')
 4 SYSTEMPATH\Database\BaseBuilder.php(1839): CodeIgniter\Database\BaseConnection->query('INSERT INTO `db_roles` (`description`, `name`)
VALUES (\'System administrator with full access\',\'Administrator\'), (\'Service provider\',\'Staff\'), (\'Customer who books appointments\',\'Client\')', null, false)
 5 SYSTEMPATH\Database\BaseBuilder.php(2228): CodeIgniter\Database\BaseBuilder->batchExecute('_insertBatch', 100)
 6 APPPATH\Database\Seeds\UserSeeder.php(20): CodeIgniter\Database\BaseBuilder->insertBatch([...])
 7 SYSTEMPATH\Database\Seeder.php(155): App\Database\Seeds\UserSeeder->run()
 8 APPPATH\Database\Seeds\MainSeeder.php(11): CodeIgniter\Database\Seeder->call('App\\Database\\Seeds\\UserSeeder')
 9 SYSTEMPATH\Database\Seeder.php(155): App\Database\Seeds\MainSeeder->run()
10 SYSTEMPATH\Test\DatabaseTestTrait.php(234): CodeIgniter\Database\Seeder->call('App\\Database\\Seeds\\MainSeeder')
11 SYSTEMPATH\Test\DatabaseTestTrait.php(220): App\Models\AppointmentModelTest->seed('App\\Database\\Seeds\\MainSeeder')
12 SYSTEMPATH\Test\DatabaseTestTrait.php(201): App\Models\AppointmentModelTest->runSeeds()
13 SYSTEMPATH\Test\DatabaseTestTrait.php(69): App\Models\AppointmentModelTest->setUpSeed()
14 SYSTEMPATH\Test\CIUnitTestCase.php(254): App\Models\AppointmentModelTest->setUpDatabase()
15 VENDORPATH\phpunit\phpunit\src\Framework\TestCase.php(2467): CodeIgniter\Test\CIUnitTestCase->setUp()
16 VENDORPATH\phpunit\phpunit\src\Framework\TestCase.php(2370): PHPUnit\Framework\TestCase->invokeHookMethods(Object(PHPUnit\Runner\HookMethodCollection), Object(PHPUnit\Event\DispatchingEmitter), 'beforeTestMethodCalled', 'beforeTestMethodErrored', 'beforeTestMethodFinished')
17 VENDORPATH\phpunit\phpunit\src\Framework\TestCase.php(511): PHPUnit\Framework\TestCase->invokeBeforeTestHookMethods([...], Object(PHPUnit\Event\DispatchingEmitter))
18 VENDORPATH\phpunit\phpunit\src\Framework\TestRunner\TestRunner.php(87): PHPUnit\Framework\TestCase->runBare()
19 VENDORPATH\phpunit\phpunit\src\Framework\TestCase.php(365): PHPUnit\Framework\TestRunner->run(Object(App\Models\AppointmentModelTest))
20 VENDORPATH\phpunit\phpunit\src\Framework\TestSuite.php(369): PHPUnit\Framework\TestCase->run()
21 VENDORPATH\phpunit\phpunit\src\Framework\TestSuite.php(369): PHPUnit\Framework\TestSuite->run()
22 VENDORPATH\phpunit\phpunit\src\Framework\TestSuite.php(369): PHPUnit\Framework\TestSuite->run()
23 VENDORPATH\phpunit\phpunit\src\TextUI\TestRunner.php(64): PHPUnit\Framework\TestSuite->run()
24 VENDORPATH\phpunit\phpunit\src\TextUI\Application.php(211): PHPUnit\TextUI\TestRunner->run(Object(PHPUnit\TextUI\Configuration\Configuration), Object(PHPUnit\Runner\ResultCache\DefaultResultCache), Object(PHPUnit\Framework\TestSuite))
25 VENDORPATH\phpunit\phpunit\phpunit(104): PHPUnit\TextUI\Application->run([...])
26 VENDORPATH\bin\phpunit(122): include('D:\\Roxanne\\OJT\\appointment-system\\vendor\\phpunit\\phpunit\\phpunit')
ERROR - 2026-06-04 07:03:36 --> no such table: db_roles
in SYSTEMPATH\Database\SQLite3\Connection.php on line 163.
 1 SYSTEMPATH\Database\SQLite3\Connection.php(163): SQLite3->exec('INSERT INTO `db_roles` (`description`, `name`)
VALUES (\'System administrator with full access\',\'Administrator\'), (\'Service provider\',\'Staff\'), (\'Customer who books appointments\',\'Client\')')
 2 SYSTEMPATH\Database\BaseConnection.php(908): CodeIgniter\Database\SQLite3\Connection->execute('INSERT INTO `db_roles` (`description`, `name`)
VALUES (\'System administrator with full access\',\'Administrator\'), (\'Service provider\',\'Staff\'), (\'Customer who books appointments\',\'Client\')')
 3 SYSTEMPATH\Database\BaseConnection.php(825): CodeIgniter\Database\BaseConnection->simpleQuery('INSERT INTO `db_roles` (`description`, `name`)
VALUES (\'System administrator with full access\',\'Administrator\'), (\'Service provider\',\'Staff\'), (\'Customer who books appointments\',\'Client\')')
 4 SYSTEMPATH\Database\BaseBuilder.php(1839): CodeIgniter\Database\BaseConnection->query('INSERT INTO `db_roles` (`description`, `name`)
VALUES (\'System administrator with full access\',\'Administrator\'), (\'Service provider\',\'Staff\'), (\'Customer who books appointments\',\'Client\')', null, false)
 5 SYSTEMPATH\Database\BaseBuilder.php(2228): CodeIgniter\Database\BaseBuilder->batchExecute('_insertBatch', 100)
 6 APPPATH\Database\Seeds\UserSeeder.php(20): CodeIgniter\Database\BaseBuilder->insertBatch([...])
 7 SYSTEMPATH\Database\Seeder.php(155): App\Database\Seeds\UserSeeder->run()
 8 SYSTEMPATH\Test\DatabaseTestTrait.php(234): CodeIgniter\Database\Seeder->call('App\\Database\\Seeds\\UserSeeder')
 9 SYSTEMPATH\Test\DatabaseTestTrait.php(220): App\Models\UserModelTest->seed('App\\Database\\Seeds\\UserSeeder')
10 SYSTEMPATH\Test\DatabaseTestTrait.php(201): App\Models\UserModelTest->runSeeds()
11 SYSTEMPATH\Test\DatabaseTestTrait.php(69): App\Models\UserModelTest->setUpSeed()
12 SYSTEMPATH\Test\CIUnitTestCase.php(254): App\Models\UserModelTest->setUpDatabase()
13 VENDORPATH\phpunit\phpunit\src\Framework\TestCase.php(2467): CodeIgniter\Test\CIUnitTestCase->setUp()
14 VENDORPATH\phpunit\phpunit\src\Framework\TestCase.php(2370): PHPUnit\Framework\TestCase->invokeHookMethods(Object(PHPUnit\Runner\HookMethodCollection), Object(PHPUnit\Event\DispatchingEmitter), 'beforeTestMethodCalled', 'beforeTestMethodErrored', 'beforeTestMethodFinished')
15 VENDORPATH\phpunit\phpunit\src\Framework\TestCase.php(511): PHPUnit\Framework\TestCase->invokeBeforeTestHookMethods([...], Object(PHPUnit\Event\DispatchingEmitter))
16 VENDORPATH\phpunit\phpunit\src\Framework\TestRunner\TestRunner.php(87): PHPUnit\Framework\TestCase->runBare()
17 VENDORPATH\phpunit\phpunit\src\Framework\TestCase.php(365): PHPUnit\Framework\TestRunner->run(Object(App\Models\UserModelTest))
18 VENDORPATH\phpunit\phpunit\src\Framework\TestSuite.php(369): PHPUnit\Framework\TestCase->run()
19 VENDORPATH\phpunit\phpunit\src\Framework\TestSuite.php(369): PHPUnit\Framework\TestSuite->run()
20 VENDORPATH\phpunit\phpunit\src\Framework\TestSuite.php(369): PHPUnit\Framework\TestSuite->run()
21 VENDORPATH\phpunit\phpunit\src\TextUI\TestRunner.php(64): PHPUnit\Framework\TestSuite->run()
22 VENDORPATH\phpunit\phpunit\src\TextUI\Application.php(211): PHPUnit\TextUI\TestRunner->run(Object(PHPUnit\TextUI\Configuration\Configuration), Object(PHPUnit\Runner\ResultCache\DefaultResultCache), Object(PHPUnit\Framework\TestSuite))
23 VENDORPATH\phpunit\phpunit\phpunit(104): PHPUnit\TextUI\Application->run([...])
24 VENDORPATH\bin\phpunit(122): include('D:\\Roxanne\\OJT\\appointment-system\\vendor\\phpunit\\phpunit\\phpunit')
ERROR - 2026-06-04 07:03:36 --> no such table: db_roles
in SYSTEMPATH\Database\SQLite3\Connection.php on line 163.
 1 SYSTEMPATH\Database\SQLite3\Connection.php(163): SQLite3->exec('INSERT INTO `db_roles` (`description`, `name`)
VALUES (\'System administrator with full access\',\'Administrator\'), (\'Service provider\',\'Staff\'), (\'Customer who books appointments\',\'Client\')')
 2 SYSTEMPATH\Database\BaseConnection.php(908): CodeIgniter\Database\SQLite3\Connection->execute('INSERT INTO `db_roles` (`description`, `name`)
VALUES (\'System administrator with full access\',\'Administrator\'), (\'Service provider\',\'Staff\'), (\'Customer who books appointments\',\'Client\')')
 3 SYSTEMPATH\Database\BaseConnection.php(825): CodeIgniter\Database\BaseConnection->simpleQuery('INSERT INTO `db_roles` (`description`, `name`)
VALUES (\'System administrator with full access\',\'Administrator\'), (\'Service provider\',\'Staff\'), (\'Customer who books appointments\',\'Client\')')
 4 SYSTEMPATH\Database\BaseBuilder.php(1839): CodeIgniter\Database\BaseConnection->query('INSERT INTO `db_roles` (`description`, `name`)
VALUES (\'System administrator with full access\',\'Administrator\'), (\'Service provider\',\'Staff\'), (\'Customer who books appointments\',\'Client\')', null, false)
 5 SYSTEMPATH\Database\BaseBuilder.php(2228): CodeIgniter\Database\BaseBuilder->batchExecute('_insertBatch', 100)
 6 APPPATH\Database\Seeds\UserSeeder.php(20): CodeIgniter\Database\BaseBuilder->insertBatch([...])
 7 SYSTEMPATH\Database\Seeder.php(155): App\Database\Seeds\UserSeeder->run()
 8 SYSTEMPATH\Test\DatabaseTestTrait.php(234): CodeIgniter\Database\Seeder->call('App\\Database\\Seeds\\UserSeeder')
 9 SYSTEMPATH\Test\DatabaseTestTrait.php(220): App\Models\UserModelTest->seed('App\\Database\\Seeds\\UserSeeder')
10 SYSTEMPATH\Test\DatabaseTestTrait.php(201): App\Models\UserModelTest->runSeeds()
11 SYSTEMPATH\Test\DatabaseTestTrait.php(69): App\Models\UserModelTest->setUpSeed()
12 SYSTEMPATH\Test\CIUnitTestCase.php(254): App\Models\UserModelTest->setUpDatabase()
13 VENDORPATH\phpunit\phpunit\src\Framework\TestCase.php(2467): CodeIgniter\Test\CIUnitTestCase->setUp()
14 VENDORPATH\phpunit\phpunit\src\Framework\TestCase.php(2370): PHPUnit\Framework\TestCase->invokeHookMethods(Object(PHPUnit\Runner\HookMethodCollection), Object(PHPUnit\Event\DispatchingEmitter), 'beforeTestMethodCalled', 'beforeTestMethodErrored', 'beforeTestMethodFinished')
15 VENDORPATH\phpunit\phpunit\src\Framework\TestCase.php(511): PHPUnit\Framework\TestCase->invokeBeforeTestHookMethods([...], Object(PHPUnit\Event\DispatchingEmitter))
16 VENDORPATH\phpunit\phpunit\src\Framework\TestRunner\TestRunner.php(87): PHPUnit\Framework\TestCase->runBare()
17 VENDORPATH\phpunit\phpunit\src\Framework\TestCase.php(365): PHPUnit\Framework\TestRunner->run(Object(App\Models\UserModelTest))
18 VENDORPATH\phpunit\phpunit\src\Framework\TestSuite.php(369): PHPUnit\Framework\TestCase->run()
19 VENDORPATH\phpunit\phpunit\src\Framework\TestSuite.php(369): PHPUnit\Framework\TestSuite->run()
20 VENDORPATH\phpunit\phpunit\src\Framework\TestSuite.php(369): PHPUnit\Framework\TestSuite->run()
21 VENDORPATH\phpunit\phpunit\src\TextUI\TestRunner.php(64): PHPUnit\Framework\TestSuite->run()
22 VENDORPATH\phpunit\phpunit\src\TextUI\Application.php(211): PHPUnit\TextUI\TestRunner->run(Object(PHPUnit\TextUI\Configuration\Configuration), Object(PHPUnit\Runner\ResultCache\DefaultResultCache), Object(PHPUnit\Framework\TestSuite))
23 VENDORPATH\phpunit\phpunit\phpunit(104): PHPUnit\TextUI\Application->run([...])
24 VENDORPATH\bin\phpunit(122): include('D:\\Roxanne\\OJT\\appointment-system\\vendor\\phpunit\\phpunit\\phpunit')
ERROR - 2026-06-04 07:03:58 --> no such table: db_roles
in SYSTEMPATH\Database\SQLite3\Connection.php on line 163.
 1 SYSTEMPATH\Database\SQLite3\Connection.php(163): SQLite3->exec('INSERT INTO `db_roles` (`description`, `name`)
VALUES (\'System administrator with full access\',\'Administrator\'), (\'Service provider\',\'Staff\'), (\'Customer who books appointments\',\'Client\')')
 2 SYSTEMPATH\Database\BaseConnection.php(908): CodeIgniter\Database\SQLite3\Connection->execute('INSERT INTO `db_roles` (`description`, `name`)
VALUES (\'System administrator with full access\',\'Administrator\'), (\'Service provider\',\'Staff\'), (\'Customer who books appointments\',\'Client\')')
 3 SYSTEMPATH\Database\BaseConnection.php(825): CodeIgniter\Database\BaseConnection->simpleQuery('INSERT INTO `db_roles` (`description`, `name`)
VALUES (\'System administrator with full access\',\'Administrator\'), (\'Service provider\',\'Staff\'), (\'Customer who books appointments\',\'Client\')')
 4 SYSTEMPATH\Database\BaseBuilder.php(1839): CodeIgniter\Database\BaseConnection->query('INSERT INTO `db_roles` (`description`, `name`)
VALUES (\'System administrator with full access\',\'Administrator\'), (\'Service provider\',\'Staff\'), (\'Customer who books appointments\',\'Client\')', null, false)
 5 SYSTEMPATH\Database\BaseBuilder.php(2228): CodeIgniter\Database\BaseBuilder->batchExecute('_insertBatch', 100)
 6 APPPATH\Database\Seeds\UserSeeder.php(20): CodeIgniter\Database\BaseBuilder->insertBatch([...])
 7 SYSTEMPATH\Database\Seeder.php(155): App\Database\Seeds\UserSeeder->run()
 8 SYSTEMPATH\Test\DatabaseTestTrait.php(234): CodeIgniter\Database\Seeder->call('App\\Database\\Seeds\\UserSeeder')
 9 SYSTEMPATH\Test\DatabaseTestTrait.php(220): App\Models\UserModelTest->seed('App\\Database\\Seeds\\UserSeeder')
10 SYSTEMPATH\Test\DatabaseTestTrait.php(201): App\Models\UserModelTest->runSeeds()
11 SYSTEMPATH\Test\DatabaseTestTrait.php(69): App\Models\UserModelTest->setUpSeed()
12 SYSTEMPATH\Test\CIUnitTestCase.php(254): App\Models\UserModelTest->setUpDatabase()
13 VENDORPATH\phpunit\phpunit\src\Framework\TestCase.php(2467): CodeIgniter\Test\CIUnitTestCase->setUp()
14 VENDORPATH\phpunit\phpunit\src\Framework\TestCase.php(2370): PHPUnit\Framework\TestCase->invokeHookMethods(Object(PHPUnit\Runner\HookMethodCollection), Object(PHPUnit\Event\DispatchingEmitter), 'beforeTestMethodCalled', 'beforeTestMethodErrored', 'beforeTestMethodFinished')
15 VENDORPATH\phpunit\phpunit\src\Framework\TestCase.php(511): PHPUnit\Framework\TestCase->invokeBeforeTestHookMethods([...], Object(PHPUnit\Event\DispatchingEmitter))
16 VENDORPATH\phpunit\phpunit\src\Framework\TestRunner\TestRunner.php(87): PHPUnit\Framework\TestCase->runBare()
17 VENDORPATH\phpunit\phpunit\src\Framework\TestCase.php(365): PHPUnit\Framework\TestRunner->run(Object(App\Models\UserModelTest))
18 VENDORPATH\phpunit\phpunit\src\Framework\TestSuite.php(369): PHPUnit\Framework\TestCase->run()
19 VENDORPATH\phpunit\phpunit\src\Framework\TestSuite.php(369): PHPUnit\Framework\TestSuite->run()
20 VENDORPATH\phpunit\phpunit\src\Framework\TestSuite.php(369): PHPUnit\Framework\TestSuite->run()
21 VENDORPATH\phpunit\phpunit\src\TextUI\TestRunner.php(64): PHPUnit\Framework\TestSuite->run()
22 VENDORPATH\phpunit\phpunit\src\TextUI\Application.php(211): PHPUnit\TextUI\TestRunner->run(Object(PHPUnit\TextUI\Configuration\Configuration), Object(PHPUnit\Runner\ResultCache\DefaultResultCache), Object(PHPUnit\Framework\TestSuite))
23 VENDORPATH\phpunit\phpunit\phpunit(104): PHPUnit\TextUI\Application->run([...])
24 VENDORPATH\bin\phpunit(122): include('D:\\Roxanne\\OJT\\appointment-system\\vendor\\phpunit\\phpunit\\phpunit')
ERROR - 2026-06-04 07:04:36 --> Unable to prepare statement: 1, no such table: staff_profiles
in SYSTEMPATH\Database\SQLite3\Connection.php on line 164.
 1 SYSTEMPATH\Database\SQLite3\Connection.php(164): SQLite3->query('SELECT user_id FROM staff_profiles')
 2 SYSTEMPATH\Database\BaseConnection.php(908): CodeIgniter\Database\SQLite3\Connection->execute('SELECT user_id FROM staff_profiles')
 3 SYSTEMPATH\Database\BaseConnection.php(825): CodeIgniter\Database\BaseConnection->simpleQuery('SELECT user_id FROM staff_profiles')
 4 APPPATH\Database\Seeds\ServiceSeeder.php(48): CodeIgniter\Database\BaseConnection->query('SELECT user_id FROM staff_profiles')
 5 SYSTEMPATH\Database\Seeder.php(155): App\Database\Seeds\ServiceSeeder->run()
 6 APPPATH\Database\Seeds\MainSeeder.php(12): CodeIgniter\Database\Seeder->call('App\\Database\\Seeds\\ServiceSeeder')
 7 SYSTEMPATH\Database\Seeder.php(155): App\Database\Seeds\MainSeeder->run()
 8 SYSTEMPATH\Test\DatabaseTestTrait.php(234): CodeIgniter\Database\Seeder->call('App\\Database\\Seeds\\MainSeeder')
 9 SYSTEMPATH\Test\DatabaseTestTrait.php(220): App\Models\AppointmentModelTest->seed('App\\Database\\Seeds\\MainSeeder')
10 SYSTEMPATH\Test\DatabaseTestTrait.php(201): App\Models\AppointmentModelTest->runSeeds()
11 SYSTEMPATH\Test\DatabaseTestTrait.php(69): App\Models\AppointmentModelTest->setUpSeed()
12 SYSTEMPATH\Test\CIUnitTestCase.php(254): App\Models\AppointmentModelTest->setUpDatabase()
13 VENDORPATH\phpunit\phpunit\src\Framework\TestCase.php(2467): CodeIgniter\Test\CIUnitTestCase->setUp()
14 VENDORPATH\phpunit\phpunit\src\Framework\TestCase.php(2370): PHPUnit\Framework\TestCase->invokeHookMethods(Object(PHPUnit\Runner\HookMethodCollection), Object(PHPUnit\Event\DispatchingEmitter), 'beforeTestMethodCalled', 'beforeTestMethodErrored', 'beforeTestMethodFinished')
15 VENDORPATH\phpunit\phpunit\src\Framework\TestCase.php(511): PHPUnit\Framework\TestCase->invokeBeforeTestHookMethods([...], Object(PHPUnit\Event\DispatchingEmitter))
16 VENDORPATH\phpunit\phpunit\src\Framework\TestRunner\TestRunner.php(87): PHPUnit\Framework\TestCase->runBare()
17 VENDORPATH\phpunit\phpunit\src\Framework\TestCase.php(365): PHPUnit\Framework\TestRunner->run(Object(App\Models\AppointmentModelTest))
18 VENDORPATH\phpunit\phpunit\src\Framework\TestSuite.php(369): PHPUnit\Framework\TestCase->run()
19 VENDORPATH\phpunit\phpunit\src\Framework\TestSuite.php(369): PHPUnit\Framework\TestSuite->run()
20 VENDORPATH\phpunit\phpunit\src\Framework\TestSuite.php(369): PHPUnit\Framework\TestSuite->run()
21 VENDORPATH\phpunit\phpunit\src\TextUI\TestRunner.php(64): PHPUnit\Framework\TestSuite->run()
22 VENDORPATH\phpunit\phpunit\src\TextUI\Application.php(211): PHPUnit\TextUI\TestRunner->run(Object(PHPUnit\TextUI\Configuration\Configuration), Object(PHPUnit\Runner\ResultCache\DefaultResultCache), Object(PHPUnit\Framework\TestSuite))
23 VENDORPATH\phpunit\phpunit\phpunit(104): PHPUnit\TextUI\Application->run([...])
24 VENDORPATH\bin\phpunit(122): include('D:\\Roxanne\\OJT\\appointment-system\\vendor\\phpunit\\phpunit\\phpunit')
ERROR - 2026-06-04 07:04:39 --> UNIQUE constraint failed: db_users.email
in SYSTEMPATH\Database\SQLite3\Connection.php on line 163.
 1 SYSTEMPATH\Database\SQLite3\Connection.php(163): SQLite3->exec('INSERT INTO `db_users` (`email`, `password_hash`, `first_name`, `last_name`, `is_active`, `created_at`, `updated_at`) VALUES (\'admin@example.com\', \'$2y$10$wFcHolvCb6wH6sAKD2Voi.IE4F2NqrwhC59Qs1SrO0Npp0dP0X9u.\', \'Duplicate\', \'Email\', 1, \'2026-06-04 07:04:39\', \'2026-06-04 07:04:39\')')
 2 SYSTEMPATH\Database\BaseConnection.php(908): CodeIgniter\Database\SQLite3\Connection->execute('INSERT INTO `db_users` (`email`, `password_hash`, `first_name`, `last_name`, `is_active`, `created_at`, `updated_at`) VALUES (\'admin@example.com\', \'$2y$10$wFcHolvCb6wH6sAKD2Voi.IE4F2NqrwhC59Qs1SrO0Npp0dP0X9u.\', \'Duplicate\', \'Email\', 1, \'2026-06-04 07:04:39\', \'2026-06-04 07:04:39\')')
 3 SYSTEMPATH\Database\BaseConnection.php(825): CodeIgniter\Database\BaseConnection->simpleQuery('INSERT INTO `db_users` (`email`, `password_hash`, `first_name`, `last_name`, `is_active`, `created_at`, `updated_at`) VALUES (\'admin@example.com\', \'$2y$10$wFcHolvCb6wH6sAKD2Voi.IE4F2NqrwhC59Qs1SrO0Npp0dP0X9u.\', \'Duplicate\', \'Email\', 1, \'2026-06-04 07:04:39\', \'2026-06-04 07:04:39\')')
 4 SYSTEMPATH\Database\BaseBuilder.php(2343): CodeIgniter\Database\BaseConnection->query('INSERT INTO `db_users` (`email`, `password_hash`, `first_name`, `last_name`, `is_active`, `created_at`, `updated_at`) VALUES (:email:, :password_hash:, :first_name:, :last_name:, :is_active:, :created_at:, :updated_at:)', [...], false)
 5 SYSTEMPATH\Model.php(357): CodeIgniter\Database\BaseBuilder->insert()
 6 SYSTEMPATH\BaseModel.php(899): CodeIgniter\Model->doInsert([...])
 7 SYSTEMPATH\Model.php(670): CodeIgniter\BaseModel->insert([...], true)
 8 ROOTPATH\tests\app\Models\UserModelTest.php(57): CodeIgniter\Model->insert([...])
 9 VENDORPATH\phpunit\phpunit\src\Framework\TestCase.php(1667): App\Models\UserModelTest->testDuplicateEmailFails()
10 VENDORPATH\phpunit\phpunit\src\Framework\TestCase.php(519): PHPUnit\Framework\TestCase->runTest()
11 VENDORPATH\phpunit\phpunit\src\Framework\TestRunner\TestRunner.php(87): PHPUnit\Framework\TestCase->runBare()
12 VENDORPATH\phpunit\phpunit\src\Framework\TestCase.php(365): PHPUnit\Framework\TestRunner->run(Object(App\Models\UserModelTest))
13 VENDORPATH\phpunit\phpunit\src\Framework\TestSuite.php(369): PHPUnit\Framework\TestCase->run()
14 VENDORPATH\phpunit\phpunit\src\Framework\TestSuite.php(369): PHPUnit\Framework\TestSuite->run()
15 VENDORPATH\phpunit\phpunit\src\Framework\TestSuite.php(369): PHPUnit\Framework\TestSuite->run()
16 VENDORPATH\phpunit\phpunit\src\TextUI\TestRunner.php(64): PHPUnit\Framework\TestSuite->run()
17 VENDORPATH\phpunit\phpunit\src\TextUI\Application.php(211): PHPUnit\TextUI\TestRunner->run(Object(PHPUnit\TextUI\Configuration\Configuration), Object(PHPUnit\Runner\ResultCache\DefaultResultCache), Object(PHPUnit\Framework\TestSuite))
18 VENDORPATH\phpunit\phpunit\phpunit(104): PHPUnit\TextUI\Application->run([...])
19 VENDORPATH\bin\phpunit(122): include('D:\\Roxanne\\OJT\\appointment-system\\vendor\\phpunit\\phpunit\\phpunit')
ERROR - 2026-06-04 07:05:06 --> Unable to prepare statement: 1, no such table: client_profiles
in SYSTEMPATH\Database\SQLite3\Connection.php on line 164.
 1 SYSTEMPATH\Database\SQLite3\Connection.php(164): SQLite3->query('SELECT user_id FROM client_profiles LIMIT 1')
 2 SYSTEMPATH\Database\BaseConnection.php(908): CodeIgniter\Database\SQLite3\Connection->execute('SELECT user_id FROM client_profiles LIMIT 1')
 3 SYSTEMPATH\Database\BaseConnection.php(825): CodeIgniter\Database\BaseConnection->simpleQuery('SELECT user_id FROM client_profiles LIMIT 1')
 4 ROOTPATH\tests\app\Models\AppointmentModelTest.php(28): CodeIgniter\Database\BaseConnection->query('SELECT user_id FROM client_profiles LIMIT 1')
 5 VENDORPATH\phpunit\phpunit\src\Framework\TestCase.php(1667): App\Models\AppointmentModelTest->testAppointmentCreation()
 6 VENDORPATH\phpunit\phpunit\src\Framework\TestCase.php(519): PHPUnit\Framework\TestCase->runTest()
 7 VENDORPATH\phpunit\phpunit\src\Framework\TestRunner\TestRunner.php(87): PHPUnit\Framework\TestCase->runBare()
 8 VENDORPATH\phpunit\phpunit\src\Framework\TestCase.php(365): PHPUnit\Framework\TestRunner->run(Object(App\Models\AppointmentModelTest))
 9 VENDORPATH\phpunit\phpunit\src\Framework\TestSuite.php(369): PHPUnit\Framework\TestCase->run()
10 VENDORPATH\phpunit\phpunit\src\Framework\TestSuite.php(369): PHPUnit\Framework\TestSuite->run()
11 VENDORPATH\phpunit\phpunit\src\Framework\TestSuite.php(369): PHPUnit\Framework\TestSuite->run()
12 VENDORPATH\phpunit\phpunit\src\TextUI\TestRunner.php(64): PHPUnit\Framework\TestSuite->run()
13 VENDORPATH\phpunit\phpunit\src\TextUI\Application.php(211): PHPUnit\TextUI\TestRunner->run(Object(PHPUnit\TextUI\Configuration\Configuration), Object(PHPUnit\Runner\ResultCache\DefaultResultCache), Object(PHPUnit\Framework\TestSuite))
14 VENDORPATH\phpunit\phpunit\phpunit(104): PHPUnit\TextUI\Application->run([...])
15 VENDORPATH\bin\phpunit(122): include('D:\\Roxanne\\OJT\\appointment-system\\vendor\\phpunit\\phpunit\\phpunit')
ERROR - 2026-06-04 07:05:09 --> UNIQUE constraint failed: db_users.email
in SYSTEMPATH\Database\SQLite3\Connection.php on line 163.
 1 SYSTEMPATH\Database\SQLite3\Connection.php(163): SQLite3->exec('INSERT INTO `db_users` (`email`, `password_hash`, `first_name`, `last_name`, `is_active`, `created_at`, `updated_at`) VALUES (\'admin@example.com\', \'$2y$10$MJboS0293RoMy99X1ZUtH.g4mVBTX8CDobcjEfk21DfOKO2Y6js/O\', \'Duplicate\', \'Email\', 1, \'2026-06-04 07:05:09\', \'2026-06-04 07:05:09\')')
 2 SYSTEMPATH\Database\BaseConnection.php(908): CodeIgniter\Database\SQLite3\Connection->execute('INSERT INTO `db_users` (`email`, `password_hash`, `first_name`, `last_name`, `is_active`, `created_at`, `updated_at`) VALUES (\'admin@example.com\', \'$2y$10$MJboS0293RoMy99X1ZUtH.g4mVBTX8CDobcjEfk21DfOKO2Y6js/O\', \'Duplicate\', \'Email\', 1, \'2026-06-04 07:05:09\', \'2026-06-04 07:05:09\')')
 3 SYSTEMPATH\Database\BaseConnection.php(825): CodeIgniter\Database\BaseConnection->simpleQuery('INSERT INTO `db_users` (`email`, `password_hash`, `first_name`, `last_name`, `is_active`, `created_at`, `updated_at`) VALUES (\'admin@example.com\', \'$2y$10$MJboS0293RoMy99X1ZUtH.g4mVBTX8CDobcjEfk21DfOKO2Y6js/O\', \'Duplicate\', \'Email\', 1, \'2026-06-04 07:05:09\', \'2026-06-04 07:05:09\')')
 4 SYSTEMPATH\Database\BaseBuilder.php(2343): CodeIgniter\Database\BaseConnection->query('INSERT INTO `db_users` (`email`, `password_hash`, `first_name`, `last_name`, `is_active`, `created_at`, `updated_at`) VALUES (:email:, :password_hash:, :first_name:, :last_name:, :is_active:, :created_at:, :updated_at:)', [...], false)
 5 SYSTEMPATH\Model.php(357): CodeIgniter\Database\BaseBuilder->insert()
 6 SYSTEMPATH\BaseModel.php(899): CodeIgniter\Model->doInsert([...])
 7 SYSTEMPATH\Model.php(670): CodeIgniter\BaseModel->insert([...], true)
 8 ROOTPATH\tests\app\Models\UserModelTest.php(57): CodeIgniter\Model->insert([...])
 9 VENDORPATH\phpunit\phpunit\src\Framework\TestCase.php(1667): App\Models\UserModelTest->testDuplicateEmailFails()
10 VENDORPATH\phpunit\phpunit\src\Framework\TestCase.php(519): PHPUnit\Framework\TestCase->runTest()
11 VENDORPATH\phpunit\phpunit\src\Framework\TestRunner\TestRunner.php(87): PHPUnit\Framework\TestCase->runBare()
12 VENDORPATH\phpunit\phpunit\src\Framework\TestCase.php(365): PHPUnit\Framework\TestRunner->run(Object(App\Models\UserModelTest))
13 VENDORPATH\phpunit\phpunit\src\Framework\TestSuite.php(369): PHPUnit\Framework\TestCase->run()
14 VENDORPATH\phpunit\phpunit\src\Framework\TestSuite.php(369): PHPUnit\Framework\TestSuite->run()
15 VENDORPATH\phpunit\phpunit\src\Framework\TestSuite.php(369): PHPUnit\Framework\TestSuite->run()
16 VENDORPATH\phpunit\phpunit\src\TextUI\TestRunner.php(64): PHPUnit\Framework\TestSuite->run()
17 VENDORPATH\phpunit\phpunit\src\TextUI\Application.php(211): PHPUnit\TextUI\TestRunner->run(Object(PHPUnit\TextUI\Configuration\Configuration), Object(PHPUnit\Runner\ResultCache\DefaultResultCache), Object(PHPUnit\Framework\TestSuite))
18 VENDORPATH\phpunit\phpunit\phpunit(104): PHPUnit\TextUI\Application->run([...])
19 VENDORPATH\bin\phpunit(122): include('D:\\Roxanne\\OJT\\appointment-system\\vendor\\phpunit\\phpunit\\phpunit')
ERROR - 2026-06-04 07:05:28 --> UNIQUE constraint failed: db_users.email
in SYSTEMPATH\Database\SQLite3\Connection.php on line 163.
 1 SYSTEMPATH\Database\SQLite3\Connection.php(163): SQLite3->exec('INSERT INTO `db_users` (`email`, `password_hash`, `first_name`, `last_name`, `is_active`, `created_at`, `updated_at`) VALUES (\'admin@example.com\', \'$2y$10$2goSW0wAEDjjaJ.3xVGWc.L.08P3FaGaY2E6rYGxJfYGwJizCFw0O\', \'Duplicate\', \'Email\', 1, \'2026-06-04 07:05:28\', \'2026-06-04 07:05:28\')')
 2 SYSTEMPATH\Database\BaseConnection.php(908): CodeIgniter\Database\SQLite3\Connection->execute('INSERT INTO `db_users` (`email`, `password_hash`, `first_name`, `last_name`, `is_active`, `created_at`, `updated_at`) VALUES (\'admin@example.com\', \'$2y$10$2goSW0wAEDjjaJ.3xVGWc.L.08P3FaGaY2E6rYGxJfYGwJizCFw0O\', \'Duplicate\', \'Email\', 1, \'2026-06-04 07:05:28\', \'2026-06-04 07:05:28\')')
 3 SYSTEMPATH\Database\BaseConnection.php(825): CodeIgniter\Database\BaseConnection->simpleQuery('INSERT INTO `db_users` (`email`, `password_hash`, `first_name`, `last_name`, `is_active`, `created_at`, `updated_at`) VALUES (\'admin@example.com\', \'$2y$10$2goSW0wAEDjjaJ.3xVGWc.L.08P3FaGaY2E6rYGxJfYGwJizCFw0O\', \'Duplicate\', \'Email\', 1, \'2026-06-04 07:05:28\', \'2026-06-04 07:05:28\')')
 4 SYSTEMPATH\Database\BaseBuilder.php(2343): CodeIgniter\Database\BaseConnection->query('INSERT INTO `db_users` (`email`, `password_hash`, `first_name`, `last_name`, `is_active`, `created_at`, `updated_at`) VALUES (:email:, :password_hash:, :first_name:, :last_name:, :is_active:, :created_at:, :updated_at:)', [...], false)
 5 SYSTEMPATH\Model.php(357): CodeIgniter\Database\BaseBuilder->insert()
 6 SYSTEMPATH\BaseModel.php(899): CodeIgniter\Model->doInsert([...])
 7 SYSTEMPATH\Model.php(670): CodeIgniter\BaseModel->insert([...], true)
 8 ROOTPATH\tests\app\Models\UserModelTest.php(57): CodeIgniter\Model->insert([...])
 9 VENDORPATH\phpunit\phpunit\src\Framework\TestCase.php(1667): App\Models\UserModelTest->testDuplicateEmailFails()
10 VENDORPATH\phpunit\phpunit\src\Framework\TestCase.php(519): PHPUnit\Framework\TestCase->runTest()
11 VENDORPATH\phpunit\phpunit\src\Framework\TestRunner\TestRunner.php(87): PHPUnit\Framework\TestCase->runBare()
12 VENDORPATH\phpunit\phpunit\src\Framework\TestCase.php(365): PHPUnit\Framework\TestRunner->run(Object(App\Models\UserModelTest))
13 VENDORPATH\phpunit\phpunit\src\Framework\TestSuite.php(369): PHPUnit\Framework\TestCase->run()
14 VENDORPATH\phpunit\phpunit\src\Framework\TestSuite.php(369): PHPUnit\Framework\TestSuite->run()
15 VENDORPATH\phpunit\phpunit\src\Framework\TestSuite.php(369): PHPUnit\Framework\TestSuite->run()
16 VENDORPATH\phpunit\phpunit\src\TextUI\TestRunner.php(64): PHPUnit\Framework\TestSuite->run()
17 VENDORPATH\phpunit\phpunit\src\TextUI\Application.php(211): PHPUnit\TextUI\TestRunner->run(Object(PHPUnit\TextUI\Configuration\Configuration), Object(PHPUnit\Runner\ResultCache\DefaultResultCache), Object(PHPUnit\Framework\TestSuite))
18 VENDORPATH\phpunit\phpunit\phpunit(104): PHPUnit\TextUI\Application->run([...])
19 VENDORPATH\bin\phpunit(122): include('D:\\Roxanne\\OJT\\appointment-system\\vendor\\phpunit\\phpunit\\phpunit')
DEBUG - 2026-06-04 07:05:50 --> Session: Class initialized using 'CodeIgniter\Session\Handlers\FileHandler' driver.
DEBUG - 2026-06-04 07:05:55 --> Session: Class initialized using 'CodeIgniter\Session\Handlers\FileHandler' driver.
DEBUG - 2026-06-04 07:05:57 --> Session: Class initialized using 'CodeIgniter\Session\Handlers\FileHandler' driver.
DEBUG - 2026-06-04 07:05:58 --> Session: Class initialized using 'CodeIgniter\Session\Handlers\FileHandler' driver.
DEBUG - 2026-06-04 07:06:29 --> Session: Class initialized using 'CodeIgniter\Session\Handlers\FileHandler' driver.
DEBUG - 2026-06-04 07:06:35 --> Session: Class initialized using 'CodeIgniter\Session\Handlers\FileHandler' driver.
DEBUG - 2026-06-04 07:07:10 --> Session: Class initialized using 'CodeIgniter\Session\Handlers\FileHandler' driver.
DEBUG - 2026-06-04 07:07:12 --> Session: Class initialized using 'CodeIgniter\Session\Handlers\FileHandler' driver.
DEBUG - 2026-06-04 07:07:16 --> Session: Class initialized using 'CodeIgniter\Session\Handlers\FileHandler' driver.
DEBUG - 2026-06-04 07:07:21 --> Session: Class initialized using 'CodeIgniter\Session\Handlers\FileHandler' driver.
DEBUG - 2026-06-04 07:08:04 --> Session: Class initialized using 'CodeIgniter\Session\Handlers\FileHandler' driver.
DEBUG - 2026-06-04 07:08:05 --> Session: Class initialized using 'CodeIgniter\Session\Handlers\FileHandler' driver.
DEBUG - 2026-06-04 07:08:22 --> Session: Class initialized using 'CodeIgniter\Session\Handlers\FileHandler' driver.
DEBUG - 2026-06-04 07:08:32 --> Session: Class initialized using 'CodeIgniter\Session\Handlers\FileHandler' driver.
DEBUG - 2026-06-04 07:11:53 --> Session: Class initialized using 'CodeIgniter\Session\Handlers\FileHandler' driver.
DEBUG - 2026-06-04 07:12:05 --> Session: Class initialized using 'CodeIgniter\Session\Handlers\FileHandler' driver.
DEBUG - 2026-06-04 07:12:06 --> Session: Class initialized using 'CodeIgniter\Session\Handlers\FileHandler' driver.
DEBUG - 2026-06-04 07:12:08 --> Session: Class initialized using 'CodeIgniter\Session\Handlers\FileHandler' driver.
DEBUG - 2026-06-04 07:13:39 --> Session: Class initialized using 'CodeIgniter\Session\Handlers\FileHandler' driver.
ERROR - 2026-06-04 07:15:30 --> UNIQUE constraint failed: db_users.email
in SYSTEMPATH\Database\SQLite3\Connection.php on line 163.
 1 SYSTEMPATH\Database\SQLite3\Connection.php(163): SQLite3->exec('INSERT INTO `db_users` (`email`, `password_hash`, `first_name`, `last_name`, `is_active`, `created_at`, `updated_at`) VALUES (\'admin@example.com\', \'$2y$10$zD.Dc9gnoCFoYc2Z6VTktO/cLubwsHFsd0HwVy0ITrr87AN11ut5q\', \'Duplicate\', \'Email\', 1, \'2026-06-04 07:15:30\', \'2026-06-04 07:15:30\')')
 2 SYSTEMPATH\Database\BaseConnection.php(908): CodeIgniter\Database\SQLite3\Connection->execute('INSERT INTO `db_users` (`email`, `password_hash`, `first_name`, `last_name`, `is_active`, `created_at`, `updated_at`) VALUES (\'admin@example.com\', \'$2y$10$zD.Dc9gnoCFoYc2Z6VTktO/cLubwsHFsd0HwVy0ITrr87AN11ut5q\', \'Duplicate\', \'Email\', 1, \'2026-06-04 07:15:30\', \'2026-06-04 07:15:30\')')
 3 SYSTEMPATH\Database\BaseConnection.php(825): CodeIgniter\Database\BaseConnection->simpleQuery('INSERT INTO `db_users` (`email`, `password_hash`, `first_name`, `last_name`, `is_active`, `created_at`, `updated_at`) VALUES (\'admin@example.com\', \'$2y$10$zD.Dc9gnoCFoYc2Z6VTktO/cLubwsHFsd0HwVy0ITrr87AN11ut5q\', \'Duplicate\', \'Email\', 1, \'2026-06-04 07:15:30\', \'2026-06-04 07:15:30\')')
 4 SYSTEMPATH\Database\BaseBuilder.php(2343): CodeIgniter\Database\BaseConnection->query('INSERT INTO `db_users` (`email`, `password_hash`, `first_name`, `last_name`, `is_active`, `created_at`, `updated_at`) VALUES (:email:, :password_hash:, :first_name:, :last_name:, :is_active:, :created_at:, :updated_at:)', [...], false)
 5 SYSTEMPATH\Model.php(357): CodeIgniter\Database\BaseBuilder->insert()
 6 SYSTEMPATH\BaseModel.php(899): CodeIgniter\Model->doInsert([...])
 7 SYSTEMPATH\Model.php(670): CodeIgniter\BaseModel->insert([...], true)
 8 ROOTPATH\tests\app\Models\UserModelTest.php(57): CodeIgniter\Model->insert([...])
 9 VENDORPATH\phpunit\phpunit\src\Framework\TestCase.php(1667): App\Models\UserModelTest->testDuplicateEmailFails()
10 VENDORPATH\phpunit\phpunit\src\Framework\TestCase.php(519): PHPUnit\Framework\TestCase->runTest()
11 VENDORPATH\phpunit\phpunit\src\Framework\TestRunner\TestRunner.php(87): PHPUnit\Framework\TestCase->runBare()
12 VENDORPATH\phpunit\phpunit\src\Framework\TestCase.php(365): PHPUnit\Framework\TestRunner->run(Object(App\Models\UserModelTest))
13 VENDORPATH\phpunit\phpunit\src\Framework\TestSuite.php(369): PHPUnit\Framework\TestCase->run()
14 VENDORPATH\phpunit\phpunit\src\Framework\TestSuite.php(369): PHPUnit\Framework\TestSuite->run()
15 VENDORPATH\phpunit\phpunit\src\Framework\TestSuite.php(369): PHPUnit\Framework\TestSuite->run()
16 VENDORPATH\phpunit\phpunit\src\TextUI\TestRunner.php(64): PHPUnit\Framework\TestSuite->run()
17 VENDORPATH\phpunit\phpunit\src\TextUI\Application.php(211): PHPUnit\TextUI\TestRunner->run(Object(PHPUnit\TextUI\Configuration\Configuration), Object(PHPUnit\Runner\ResultCache\DefaultResultCache), Object(PHPUnit\Framework\TestSuite))
18 VENDORPATH\phpunit\phpunit\phpunit(104): PHPUnit\TextUI\Application->run([...])
19 VENDORPATH\bin\phpunit(122): include('D:\\Roxanne\\OJT\\appointment-system\\vendor\\phpunit\\phpunit\\phpunit')
DEBUG - 2026-06-04 07:15:52 --> Session: Class initialized using 'CodeIgniter\Session\Handlers\FileHandler' driver.
DEBUG - 2026-06-04 07:16:14 --> Session: Class initialized using 'CodeIgniter\Session\Handlers\FileHandler' driver.
DEBUG - 2026-06-04 07:16:22 --> Session: Class initialized using 'CodeIgniter\Session\Handlers\FileHandler' driver.
DEBUG - 2026-06-04 07:16:22 --> Session: Class initialized using 'CodeIgniter\Session\Handlers\FileHandler' driver.
DEBUG - 2026-06-04 07:17:37 --> Session: Class initialized using 'CodeIgniter\Session\Handlers\FileHandler' driver.
DEBUG - 2026-06-04 07:17:38 --> Session: Class initialized using 'CodeIgniter\Session\Handlers\FileHandler' driver.
DEBUG - 2026-06-04 07:17:50 --> Session: Class initialized using 'CodeIgniter\Session\Handlers\FileHandler' driver.
DEBUG - 2026-06-04 07:17:50 --> Session: Class initialized using 'CodeIgniter\Session\Handlers\FileHandler' driver.
DEBUG - 2026-06-04 07:18:13 --> Session: Class initialized using 'CodeIgniter\Session\Handlers\FileHandler' driver.
DEBUG - 2026-06-04 07:18:17 --> Session: Class initialized using 'CodeIgniter\Session\Handlers\FileHandler' driver.
DEBUG - 2026-06-04 07:18:18 --> Session: Class initialized using 'CodeIgniter\Session\Handlers\FileHandler' driver.
DEBUG - 2026-06-04 07:18:23 --> Session: Class initialized using 'CodeIgniter\Session\Handlers\FileHandler' driver.
DEBUG - 2026-06-04 07:18:23 --> Session: Class initialized using 'CodeIgniter\Session\Handlers\FileHandler' driver.
DEBUG - 2026-06-04 07:18:25 --> Session: Class initialized using 'CodeIgniter\Session\Handlers\FileHandler' driver.
DEBUG - 2026-06-04 07:18:38 --> Session: Class initialized using 'CodeIgniter\Session\Handlers\FileHandler' driver.
DEBUG - 2026-06-04 07:18:44 --> Session: Class initialized using 'CodeIgniter\Session\Handlers\FileHandler' driver.
DEBUG - 2026-06-04 07:18:47 --> Session: Class initialized using 'CodeIgniter\Session\Handlers\FileHandler' driver.
DEBUG - 2026-06-04 07:18:49 --> Session: Class initialized using 'CodeIgniter\Session\Handlers\FileHandler' driver.
DEBUG - 2026-06-04 07:18:50 --> Session: Class initialized using 'CodeIgniter\Session\Handlers\FileHandler' driver.
